// Jest Snapshot v1, https://goo.gl/fbAQLP

exports[`static data should be able to parse API responses 1`] = `
Array [
  Object {
    "email": "m.abedi@northeastern.edu",
    "emails": Array [
      "m.abedi@northeastern.edu",
    ],
    "firstName": "Mehdi",
    "id": "m.abedi@northeastern.edu",
    "lastName": "Abedi",
    "name": "Mehdi Abedi",
    "officeRoom": "334 SN",
    "phone": "6173734427",
    "primaryDepartment": "Mechanical + Industrial Engineering",
    "primaryRole": "Associate Teaching Professor",
  },
  Object {
    "email": "h.abeels@northeastern.edu",
    "emails": Array [
      "h.abeels@northeastern.edu",
    ],
    "firstName": "Hannah",
    "id": "h.abeels@northeastern.edu",
    "lastName": "Abeels",
    "name": "Hannah Abeels",
    "officeRoom": "KN 120 Knowles",
    "phone": "6173735149",
    "primaryDepartment": "School Of Law-Academic",
    "primaryRole": "Asst Dir - Online & Hybrid Pro",
  },
  Object {
    "email": "s.abel@northeastern.edu",
    "emails": Array [
      "s.abel@northeastern.edu",
    ],
    "firstName": "Sherry",
    "id": "s.abel@northeastern.edu",
    "lastName": "Abel",
    "name": "Sherry Abel",
    "officeRoom": "101 N. Tyron St",
    "phone": "9802248466",
    "primaryDepartment": "School Of Nursing",
    "primaryRole": "Part-time Lecturer",
  },
  Object {
    "email": "p.abelli@northeastern.edu",
    "emails": Array [
      "p.abelli@northeastern.edu",
    ],
    "firstName": "Peter",
    "id": "p.abelli@northeastern.edu",
    "lastName": "Abelli",
    "name": "Peter Abelli",
    "officeRoom": "140 CN",
    "phone": "6173735599",
    "primaryDepartment": "Maintenance-HVAC-Dorms",
    "primaryRole": "HVAC Systems Technician",
  },
  Object {
    "email": "m.abels@northeastern.edu",
    "emails": Array [
      "m.abels@northeastern.edu",
    ],
    "firstName": "Margot",
    "id": "m.abels@northeastern.edu",
    "lastName": "Abels",
    "name": "Margot Abels",
    "officeRoom": "310 RP",
    "phone": null,
    "primaryDepartment": "Human Services",
    "primaryRole": "Assistant Teaching Professor",
  },
  Object {
    "email": "e.ackerman@northeastern.edu",
    "emails": Array [
      "e.ackerman@northeastern.edu",
    ],
    "firstName": "Elizabeth",
    "id": "e.ackerman@northeastern.edu",
    "lastName": "Ackerman",
    "name": "Elizabeth Ackerman",
    "officeRoom": "102 RB",
    "phone": null,
    "primaryDepartment": "BCHS Office of the Dean",
    "primaryRole": "Part-Time Lecturer",
  },
  Object {
    "email": "m.acosta@northeastern.edu",
    "emails": Array [
      "m.acosta@northeastern.edu",
    ],
    "firstName": "Beth",
    "id": "m.acosta@northeastern.edu",
    "lastName": "Acosta",
    "name": "Beth Acosta",
    "officeRoom": "RB 103 RB",
    "phone": "6173735177",
    "primaryDepartment": "School Of Nursing",
    "primaryRole": "Part-time Lecturer",
  },
  Object {
    "email": "m.adams@northeastern.edu",
    "emails": Array [
      "m.adams@northeastern.edu",
    ],
    "firstName": "Marybeth",
    "id": "m.adams@northeastern.edu",
    "lastName": "Adams-Khoury",
    "name": "Marybeth Adams-Khoury",
    "officeRoom": "102 RB",
    "phone": null,
    "primaryDepartment": "BCHS Office of the Dean",
    "primaryRole": "Part-Time Lecturer",
  },
  Object {
    "email": "j.adelberg@northeastern.edu",
    "emails": Array [
      "j.adelberg@northeastern.edu",
    ],
    "firstName": "Jeff",
    "id": "j.adelberg@northeastern.edu",
    "lastName": "Adelberg",
    "name": "Jeff Adelberg",
    "officeRoom": "360 Huntington Ave",
    "phone": null,
    "primaryDepartment": "Theater",
    "primaryRole": "Part-Time Lecturer",
  },
]
`;
