// Jest Snapshot v1, https://goo.gl/fbAQLP

exports[`should be able to parse API responses 1`] = `
NeuEmployee {
  "couldNotFindNameList": Object {},
  "csrfToken": null,
  "people": Array [
    Object {
      "email": "t.abbas@northeastern.edu",
      "emails": Array [
        "t.abbas@northeastern.edu",
      ],
      "firstName": "Tabeer",
      "id": "t.abbas@northeastern.edu",
      "lastName": "Abbas",
      "name": "Tabeer Abbas",
      "office": "Not Available",
      "officeRoom": "Not Available",
      "phone": "Not Available",
      "primaryDepartment": "College of Professional Studies",
      "primaryRole": "Lecturer",
    },
    Object {
      "email": "m.abedi@northeastern.edu",
      "emails": Array [
        "m.abedi@northeastern.edu",
      ],
      "firstName": "Mehdi",
      "id": "m.abedi@northeastern.edu",
      "lastName": "Abedi",
      "name": "Mehdi Abedi",
      "office": "334 SN",
      "officeRoom": "334 SN",
      "phone": "6173734427",
      "primaryDepartment": "Mechanical + Industrial Engineering",
      "primaryRole": "Associate Teaching Professor",
    },
    Object {
      "email": "h.abeels@northeastern.edu",
      "emails": Array [
        "h.abeels@northeastern.edu",
      ],
      "firstName": "Hannah",
      "id": "h.abeels@northeastern.edu",
      "lastName": "Abeels",
      "name": "Hannah Abeels",
      "office": "KN 120 Knowles",
      "officeRoom": "KN 120 Knowles",
      "phone": "6173735149",
      "primaryDepartment": "School Of Law-Academic",
      "primaryRole": "Asst Dir - Online & Hybrid Pro",
    },
    Object {
      "email": "s.abel@northeastern.edu",
      "emails": Array [
        "s.abel@northeastern.edu",
      ],
      "firstName": "Sherry",
      "id": "s.abel@northeastern.edu",
      "lastName": "Abel",
      "name": "Sherry Abel",
      "office": "101 N. Tyron St",
      "officeRoom": "101 N. Tyron St",
      "phone": "9802248466",
      "primaryDepartment": "School Of Nursing",
      "primaryRole": "Part-time Lecturer",
    },
    Object {
      "email": "p.abelli@northeastern.edu",
      "emails": Array [
        "p.abelli@northeastern.edu",
      ],
      "firstName": "Peter",
      "id": "p.abelli@northeastern.edu",
      "lastName": "Abelli",
      "name": "Peter Abelli",
      "office": "140 CN",
      "officeRoom": "140 CN",
      "phone": "6173735599",
      "primaryDepartment": "Maintenance-HVAC-Dorms",
      "primaryRole": "HVAC Systems Technician",
    },
    Object {
      "email": "m.abels@northeastern.edu",
      "emails": Array [
        "m.abels@northeastern.edu",
      ],
      "firstName": "Margot",
      "id": "m.abels@northeastern.edu",
      "lastName": "Abels",
      "name": "Margot Abels",
      "office": "310 RP",
      "officeRoom": "310 RP",
      "phone": "Not Available",
      "primaryDepartment": "Human Services",
      "primaryRole": "Assistant Teaching Professor",
    },
    Object {
      "email": "e.ackerman@northeastern.edu",
      "emails": Array [
        "e.ackerman@northeastern.edu",
      ],
      "firstName": "Elizabeth",
      "id": "e.ackerman@northeastern.edu",
      "lastName": "Ackerman",
      "name": "Elizabeth Ackerman",
      "office": "102 RB",
      "officeRoom": "102 RB",
      "phone": "Not Available",
      "primaryDepartment": "BCHS Office of the Dean",
      "primaryRole": "Part-Time Lecturer",
    },
    Object {
      "email": "m.acosta@northeastern.edu",
      "emails": Array [
        "m.acosta@northeastern.edu",
      ],
      "firstName": "Beth",
      "id": "m.acosta@northeastern.edu",
      "lastName": "Acosta",
      "name": "Beth Acosta",
      "office": "RB 103 RB",
      "officeRoom": "RB 103 RB",
      "phone": "6173735177",
      "primaryDepartment": "School Of Nursing",
      "primaryRole": "Part-time Lecturer",
    },
    Object {
      "email": "m.adams@northeastern.edu",
      "emails": Array [
        "m.adams@northeastern.edu",
      ],
      "firstName": "Marybeth",
      "id": "m.adams@northeastern.edu",
      "lastName": "Adams-Khoury",
      "name": "Marybeth Adams-Khoury",
      "office": "102 RB",
      "officeRoom": "102 RB",
      "phone": "Not Available",
      "primaryDepartment": "BCHS Office of the Dean",
      "primaryRole": "Part-Time Lecturer",
    },
    Object {
      "email": "j.adelberg@northeastern.edu",
      "emails": Array [
        "j.adelberg@northeastern.edu",
      ],
      "firstName": "Jeff",
      "id": "j.adelberg@northeastern.edu",
      "lastName": "Adelberg",
      "name": "Jeff Adelberg",
      "office": "360 Huntington Ave",
      "officeRoom": "360 Huntington Ave",
      "phone": "Not Available",
      "primaryDepartment": "Theater",
      "primaryRole": "Part-Time Lecturer",
    },
    Object {
      "email": "k.ahkee@northeastern.edu",
      "emails": Array [
        "k.ahkee@northeastern.edu",
      ],
      "firstName": "Isabel",
      "id": "k.ahkee@northeastern.edu",
      "lastName": "Ah Kee",
      "name": "Isabel Ah Kee",
      "office": "122 SS",
      "officeRoom": "122 SS",
      "phone": "6173737745",
      "primaryDepartment": "Audit & Advisory Services",
      "primaryRole": "Dir - Audit",
    },
    Object {
      "email": "b.ahmadi@northeastern.edu",
      "emails": Array [
        "b.ahmadi@northeastern.edu",
      ],
      "firstName": "Behzad",
      "id": "b.ahmadi@northeastern.edu",
      "lastName": "Ahmadi",
      "name": "Behzad Ahmadi",
      "office": "Not Available",
      "officeRoom": "Not Available",
      "phone": "Not Available",
      "primaryDepartment": "College of Professional Studies",
      "primaryRole": "Lecturer",
    },
    Object {
      "email": "t.roberts@northeastern.edu",
      "emails": Array [
        "t.roberts@northeastern.edu",
      ],
      "firstName": "Therese",
      "id": "t.roberts@northeastern.edu",
      "lastName": "Ajtum-Roberts",
      "name": "Therese Ajtum-Roberts",
      "office": "Not Available",
      "officeRoom": "Not Available",
      "phone": "Not Available",
      "primaryDepartment": "College of Professional Studies",
      "primaryRole": "Lecturer",
    },
    Object {
      "email": "j.aliberti@northeastern.edu",
      "emails": Array [
        "j.aliberti@northeastern.edu",
      ],
      "firstName": "Julie",
      "id": "j.aliberti@northeastern.edu",
      "lastName": "Aliberti",
      "name": "Julie Aliberti",
      "office": "360 Huntington Ave",
      "officeRoom": "360 Huntington Ave",
      "phone": "Not Available",
      "primaryDepartment": "Financial Aid",
      "primaryRole": "Sr Asst Dir - Financial Counse",
    },
    Object {
      "email": "e.allen@northeastern.edu",
      "emails": Array [
        "e.allen@northeastern.edu",
      ],
      "firstName": "Elizabeth",
      "id": "e.allen@northeastern.edu",
      "lastName": "Allen",
      "name": "Elizabeth Allen",
      "office": "310 RP",
      "officeRoom": "310 RP",
      "phone": "6173738122",
      "primaryDepartment": "Provost Research",
      "primaryRole": "Research Development Officer",
    },
    Object {
      "email": "b.almand-hunter@northeastern.edu",
      "emails": Array [
        "b.almand-hunter@northeastern.edu",
      ],
      "firstName": "Berkeley",
      "id": "b.almand-hunter@northeastern.edu",
      "lastName": "Almand-Hunter",
      "name": "Berkeley Almand-Hunter",
      "office": "100 Commercial St., Suite 400",
      "officeRoom": "100 Commercial St., Suite 400",
      "phone": "Not Available",
      "primaryDepartment": "College of Professional Studies",
      "primaryRole": "Lecturer",
    },
    Object {
      "email": "r.amini@northeastern.edu",
      "emails": Array [
        "r.amini@northeastern.edu",
      ],
      "firstName": "Rouzbeh",
      "id": "r.amini@northeastern.edu",
      "lastName": "Amini",
      "name": "Rouzbeh Amini",
      "office": "334 SN",
      "officeRoom": "334 SN",
      "phone": "6173737688",
      "primaryDepartment": "Mechanical + Industrial Engineering",
      "primaryRole": "Associate Professor",
    },
    Object {
      "email": "r.anzuoni@northeastern.edu",
      "emails": Array [
        "r.anzuoni@northeastern.edu",
      ],
      "firstName": "Rebecca",
      "id": "r.anzuoni@northeastern.edu",
      "lastName": "Anzuoni",
      "name": "Rebecca Anzuoni",
      "office": "598 CP",
      "officeRoom": "598 CP",
      "phone": "6173737780",
      "primaryDepartment": "University Marketing",
      "primaryRole": "Vice President - Marketing",
    },
    Object {
      "email": "e.arone@northeastern.edu",
      "emails": Array [
        "e.arone@northeastern.edu",
      ],
      "firstName": "Elizabeth",
      "id": "e.arone@northeastern.edu",
      "lastName": "Arone",
      "name": "Elizabeth Arone",
      "office": "360 Huntington Ave",
      "officeRoom": "360 Huntington Ave",
      "phone": "Not Available",
      "primaryDepartment": "Health Sciences",
      "primaryRole": "Administrative Coordinator",
    },
    Object {
      "email": "b.ashburn@northeastern.edu",
      "emails": Array [
        "b.ashburn@northeastern.edu",
      ],
      "firstName": "Ben",
      "id": "b.ashburn@northeastern.edu",
      "lastName": "Ashburn",
      "name": "Ben Ashburn",
      "office": "360 Huntington Avenue",
      "officeRoom": "360 Huntington Avenue",
      "phone": "Not Available",
      "primaryDepartment": "College of Professional Studies",
      "primaryRole": "Lecturer",
    },
    Object {
      "email": "ro.austin@northeastern.edu",
      "emails": Array [
        "ro.austin@northeastern.edu",
      ],
      "firstName": "Robert",
      "id": "ro.austin@northeastern.edu",
      "lastName": "Austin",
      "name": "Robert Austin",
      "office": "01 GG",
      "officeRoom": "01 GG",
      "phone": "6177992748",
      "primaryDepartment": "Facilities Administration-10",
      "primaryRole": "Assoc Dir - Customer Service",
    },
    Object {
      "email": "i.bachman@northeastern.edu",
      "emails": Array [
        "i.bachman@northeastern.edu",
      ],
      "firstName": "Isabella",
      "id": "i.bachman@northeastern.edu",
      "lastName": "Bachman",
      "name": "Isabella Bachman",
      "office": "HA",
      "officeRoom": "HA",
      "phone": "6173734108",
      "primaryDepartment": "DMSB Communications",
      "primaryRole": "Communications Specialist",
    },
    Object {
      "email": "r.baginski@northeastern.edu",
      "emails": Array [
        "r.baginski@northeastern.edu",
      ],
      "firstName": "Robert",
      "id": "r.baginski@northeastern.edu",
      "lastName": "Baginski",
      "name": "Robert Baginski",
      "office": "RB",
      "officeRoom": "RB",
      "phone": "6173733195",
      "primaryDepartment": "Physician Assistant Program",
      "primaryRole": "Associate Clinical Professor",
    },
    Object {
      "email": "b.ballaro@northeastern.edu",
      "emails": Array [
        "b.ballaro@northeastern.edu",
      ],
      "firstName": "Beverly",
      "id": "b.ballaro@northeastern.edu",
      "lastName": "Ballaro",
      "name": "Beverly Ballaro",
      "office": "50 NI",
      "officeRoom": "50 NI",
      "phone": "Not Available",
      "primaryDepartment": "College of Professional Studies",
      "primaryRole": "Sr Student Affairs & Special P",
    },
    Object {
      "email": "l.bamberger@northeastern.edu",
      "emails": Array [
        "l.bamberger@northeastern.edu",
      ],
      "firstName": "Leah",
      "id": "l.bamberger@northeastern.edu",
      "lastName": "Bamberger",
      "name": "Leah Bamberger",
      "office": "360 Huntington Avenue",
      "officeRoom": "360 Huntington Avenue",
      "phone": "Not Available",
      "primaryDepartment": "Facilities Administration-10",
      "primaryRole": "Exec Dir - Climate Justice & S",
    },
    Object {
      "email": "b.bamgbade@northeastern.edu",
      "emails": Array [
        "b.bamgbade@northeastern.edu",
      ],
      "firstName": "Benita",
      "id": "b.bamgbade@northeastern.edu",
      "lastName": "Bamgbade",
      "name": "Benita Bamgbade",
      "office": "218 TF",
      "officeRoom": "218 TF",
      "phone": "6173737973",
      "primaryDepartment": "Pharm & Hlth Systems Sciences",
      "primaryRole": "Assistant Professor",
    },
    Object {
      "email": "a.barabasi@northeastern.edu",
      "emails": Array [
        "a.barabasi@northeastern.edu",
      ],
      "firstName": "Albert-Laszlo",
      "id": "a.barabasi@northeastern.edu",
      "lastName": "Barabasi",
      "name": "Albert-Laszlo Barabasi",
      "office": "1100 - 177",
      "officeRoom": "1100 - 177",
      "phone": "6173737774",
      "primaryDepartment": "Physics",
      "primaryRole": "Dodge Prof NetSI & Dist Prof",
    },
    Object {
      "email": "a.barber@northeastern.edu",
      "emails": Array [
        "a.barber@northeastern.edu",
      ],
      "firstName": "Doctor Arthur",
      "id": "a.barber@northeastern.edu",
      "lastName": "Barber",
      "name": "Doctor Arthur Barber",
      "office": "360 Huntington Ave",
      "officeRoom": "360 Huntington Ave",
      "phone": "Not Available",
      "primaryDepartment": "College of Professional Studies",
      "primaryRole": "Lecturer",
    },
    Object {
      "email": "ju.barber@northeastern.edu",
      "emails": Array [
        "ju.barber@northeastern.edu",
      ],
      "firstName": "Julie",
      "id": "ju.barber@northeastern.edu",
      "lastName": "Barber",
      "name": "Julie Barber",
      "office": "Not Available",
      "officeRoom": "Not Available",
      "phone": "Not Available",
      "primaryDepartment": "College of Professional Studies",
      "primaryRole": "Lecturer",
    },
    Object {
      "email": "p.barber@northeastern.edu",
      "emails": Array [
        "p.barber@northeastern.edu",
      ],
      "firstName": "Paul",
      "id": "p.barber@northeastern.edu",
      "lastName": "Barber",
      "name": "Paul Barber",
      "office": "100 CP",
      "officeRoom": "100 CP",
      "phone": "Not Available",
      "primaryDepartment": "Public Safety",
      "primaryRole": "Security Technician",
    },
    Object {
      "email": "e.barberis@northeastern.edu",
      "emails": Array [
        "e.barberis@northeastern.edu",
      ],
      "firstName": "Emanuela",
      "id": "e.barberis@northeastern.edu",
      "lastName": "Barberis",
      "name": "Emanuela Barberis",
      "office": "111 DA",
      "officeRoom": "111 DA",
      "phone": "6173732935",
      "primaryDepartment": "Physics",
      "primaryRole": "Professor",
    },
    Object {
      "email": "s.barenberg@northeastern.edu",
      "emails": Array [
        "s.barenberg@northeastern.edu",
      ],
      "firstName": "Sumner",
      "id": "s.barenberg@northeastern.edu",
      "lastName": "Barenberg",
      "name": "Sumner Barenberg",
      "office": "129 ISEC",
      "officeRoom": "129 ISEC",
      "phone": "6173737805",
      "primaryDepartment": "Bioengineering",
      "primaryRole": "Professor of the Practice",
    },
  ],
}
`;
