// Jest Snapshot v1, https://goo.gl/fbAQLP

exports[`addPrerequisiteForFor tests should parse prereqs 1`] = `
Object {
  "classes": Array [
    Object {
      "classId": "2500",
      "host": "neu.edu",
      "optPrereqsFor": Object {
        "values": Array [
          Object {
            "classId": "2500",
            "subject": "CS",
          },
        ],
      },
      "prereqs": Object {
        "type": "or",
        "values": Array [
          Object {
            "classId": "3000",
            "subject": "CS",
          },
          "this is a string2",
        ],
      },
      "prereqsFor": Object {
        "values": Array [],
      },
      "subject": "CS",
      "termId": "201829",
    },
    Object {
      "classId": "3000",
      "host": "neu.edu",
      "optPrereqsFor": Object {
        "values": Array [],
      },
      "prereqsFor": Object {
        "values": Array [],
      },
      "subject": "CS",
      "termId": "201829",
    },
    Object {
      "classId": "3302",
      "host": "neu.edu",
      "optPrereqsFor": Object {
        "values": Array [],
      },
      "prereqs": Object {
        "type": "and",
        "values": Array [
          Object {
            "classId": "2500",
            "subject": "CS",
          },
          "this is a string",
        ],
      },
      "prereqsFor": Object {
        "values": Array [
          Object {
            "classId": "3302",
            "subject": "ENGW",
          },
        ],
      },
      "subject": "ENGW",
      "termId": "201829",
    },
  ],
  "sections": Array [],
}
`;
