// Jest Snapshot v1, https://goo.gl/fbAQLP

exports[`meetingParser.ts 1`] = `
[
  {
    "endDate": 18067,
    "startDate": 18022,
    "times": {
      "2": [
        {
          "end": 48000,
          "start": 35400,
        },
      ],
      "4": [
        {
          "end": 48000,
          "start": 35400,
        },
      ],
      "5": [
        {
          "end": 48000,
          "start": 35400,
        },
      ],
    },
    "type": "Class",
    "where": "Forsyth Building 242",
  },
  {
    "endDate": 18072,
    "startDate": 18022,
    "times": {
      "1": [
        {
          "end": 52200,
          "start": 36000,
        },
      ],
      "3": [
        {
          "end": 52200,
          "start": 36000,
        },
      ],
    },
    "type": "Lab",
    "where": "Behrakis Health Sciences Cntr 420",
  },
  {
    "endDate": 18072,
    "startDate": 18072,
    "times": {
      "2": [
        {
          "end": 63000,
          "start": 55800,
        },
      ],
    },
    "type": "Final Exam",
    "where": "Cargill Hall 094",
  },
]
`;
