// Jest Snapshot v1, https://goo.gl/fbAQLP

exports[`sectionParser should match snapshot 1`] = `
{
  "campus": "Online",
  "classId": "2311",
  "classType": "Lecture",
  "crn": "10259",
  "honors": true,
  "host": "neu.edu",
  "lastUpdateTime": 1578252414987,
  "meetings": [
    {
      "endDate": 18234,
      "startDate": 18143,
      "times": {
        "1": [
          {
            "end": 52800,
            "start": 48900,
          },
        ],
        "3": [
          {
            "end": 52800,
            "start": 48900,
          },
        ],
        "4": [
          {
            "end": 52800,
            "start": 48900,
          },
        ],
      },
      "type": "Class",
      "where": "Shillman Hall 220",
    },
    {
      "endDate": 18243,
      "startDate": 18236,
      "times": {},
      "type": "Final Exam",
      "where": "TBA",
    },
  ],
  "profs": [
    "Oyindasola Oyelaran",
  ],
  "seatsCapacity": 76,
  "seatsRemaining": 36,
  "subject": "CHEM",
  "termId": "202010",
  "url": "https://bnrordsp.neu.edu/ssb-prod/bwckctlg.p_disp_course_detail?cat_term_in=202010&subj_code_in=CHEM&crse_numb_in=2311",
  "waitCapacity": 0,
  "waitRemaining": 0,
}
`;

exports[`sectionParser should match snapshot 2`] = `
{
  "campus": "Boston",
  "classId": "2500",
  "classType": "Lecture",
  "crn": "30340",
  "honors": false,
  "host": "neu.edu",
  "lastUpdateTime": 1578252414987,
  "meetings": [
    {
      "endDate": 18003,
      "startDate": 17903,
      "times": {
        "1": [
          {
            "end": 37200,
            "start": 33300,
          },
        ],
        "3": [
          {
            "end": 37200,
            "start": 33300,
          },
        ],
        "4": [
          {
            "end": 37200,
            "start": 33300,
          },
        ],
      },
      "type": "Class",
      "where": "East Village 024",
    },
  ],
  "profs": [
    "Alan Mislove",
  ],
  "seatsCapacity": 75,
  "seatsRemaining": 4,
  "subject": "CS",
  "termId": "201930",
  "url": "https://bnrordsp.neu.edu/ssb-prod/bwckctlg.p_disp_course_detail?cat_term_in=201930&subj_code_in=CS&crse_numb_in=2500",
  "waitCapacity": 0,
  "waitRemaining": 0,
}
`;
