// Jest Snapshot v1, https://goo.gl/fbAQLP

exports[`termListParser pulls out relevant data 1`] = `
Array [
  Object {
    "host": "neu.edu",
    "isCurrentTerm": true,
    "subCollege": "CPS",
    "termId": "202034",
    "text": "Spring 2020 Semester",
  },
  Object {
    "host": "neu.edu",
    "isCurrentTerm": true,
    "subCollege": "LAW",
    "termId": "202032",
    "text": "Spring 2020 Semester",
  },
  Object {
    "host": "neu.edu",
    "isCurrentTerm": true,
    "subCollege": "NEU",
    "termId": "202030",
    "text": "Spring 2020 Semester",
  },
]
`;
