// Jest Snapshot v1, https://goo.gl/fbAQLP

exports[`search resolver searches for blank in term gets results 1`] = `
{
  "data": {
    "search": {
      "filterOptions": {
        "campus": null,
        "classType": [
          {
            "count": 10,
            "value": "Lecture",
          },
        ],
        "nupath": [
          {
            "count": 10,
            "value": "Writing Intensive",
          },
        ],
        "subject": null,
      },
      "nodes": [
        {
          "__typename": "ClassOccurrence",
          "classAttributes": [],
          "desc": "a class",
          "lastUpdateTime": 20,
          "name": "Fundamentals of Computer Science 1",
          "optPrereqsFor": null,
          "prereqsFor": null,
          "sections": [
            {
              "crn": "1234",
              "profs": [],
            },
          ],
          "url": "url",
        },
      ],
      "pageInfo": {
        "hasNextPage": false,
      },
      "totalCount": 10,
    },
  },
  "errors": undefined,
  "extensions": undefined,
  "http": {
    "headers": Headers {
      Symbol(map): {},
    },
  },
}
`;
