// Jest Snapshot v1, https://goo.gl/fbAQLP

exports[`search resolver searches for blank in term gets results 1`] = `
Object {
  "data": Object {
    "search": null,
  },
  "errors": Array [
    [GraphQLError: Cannot read properties of undefined (reading 'endDate')],
  ],
  "extensions": undefined,
  "http": Object {
    "headers": Headers {
      Symbol(map): Object {},
    },
  },
}
`;
